<html>
<body>
<pre>
<h1>µVision Build Log</h1>
<h2>Tool Versions:</h2>
IDE-Version: µVision V5.34.0.0
Copyright (C) 2021 ARM Ltd and ARM Germany GmbH. All rights reserved.
License Information: Ranjit Modhvadiya, MIT-World Peace University, LIC=----
 
Tool Versions:
Toolchain:       MDK-Lite  Version: 5.34.0.0
Toolchain Path:  C:\Keil_v5(1)\ARM\ARMCC\Bin
C Compiler:      Armcc.exe V5.06 update 7 (build 960)
Assembler:       Armasm.exe V5.06 update 7 (build 960)
Linker/Locator:  ArmLink.exe V5.06 update 7 (build 960)
Library Manager: ArmAr.exe V5.06 update 7 (build 960)
Hex Converter:   FromElf.exe V5.06 update 7 (build 960)
CPU DLL:         SARMCM3.DLL V5.34.0.0
Dialog DLL:      DCM.DLL V1.17.3.0
Target DLL:      STLink\ST-LINKIII-KEIL_SWO.dll V3.0.8.0
Dialog DLL:      TCM.DLL V1.48.0.0
 
<h2>Project:</h2>
C:\Keil_v5(1)\ARM\STM32\Timer_1(delay).uvprojx
Project File Date:  02/12/2024

<h2>Output:</h2>
*** Using Compiler 'V5.06 update 7 (build 960)', folder: 'C:\Keil_v5(1)\ARM\ARMCC\Bin'
Rebuild target 'Target 1'
assembling startup_stm32f303xe.s...
compiling GPIO.c...
GPIO.c(8): warning:  #550-D: variable "pupd"  was set but never used
  	uint32_t pupd = 0;
GPIO.c: 1 warning, 0 errors
compiling Timer.c...
Timer.c(26): warning:  #1-D: last line of file ends without a newline
  }
Timer.c: 1 warning, 0 errors
compiling system_stm32f3xx.c...
compiling main.c...
main.c(58): warning:  #1-D: last line of file ends without a newline
  }	
main.c: 1 warning, 0 errors
linking...
Program Size: Code=892 RO-data=420 RW-data=0 ZI-data=1632  
".\Objects\Timer_1(delay).axf" - 0 Error(s), 3 Warning(s).

<h2>Software Packages used:</h2>

Package Vendor: ARM
                http://www.keil.com/pack/ARM.CMSIS.5.9.0.pack
                ARM.CMSIS.5.9.0
                CMSIS (Common Microcontroller Software Interface Standard)
   * Component: CORE Version: 5.6.0

Package Vendor: Keil
                http://www.keil.com/pack/Keil.STM32F3xx_DFP.2.2.2.pack
                Keil.STM32F3xx_DFP.2.2.2
                STMicroelectronics STM32F3 Series Device Support and Examples
   * Component: Startup Version: 1.11.3

<h2>Collection of Component include folders:</h2>
  .\RTE\_Target_1
  C:\Users\HP\AppData\Local\Arm\Packs\ARM\CMSIS\5.9.0\CMSIS\Core\Include
  C:\Users\HP\AppData\Local\Arm\Packs\Keil\STM32F3xx_DFP\2.2.2\Drivers\CMSIS\Device\ST\STM32F3xx\Include

<h2>Collection of Component Files used:</h2>

   * Component: ARM::CMSIS:CORE:5.6.0

   * Component: Keil.Standalone::Device:Startup:1.11.3
      Include file:  Drivers\CMSIS\Device\ST\STM32F3xx\Include\stm32f3xx.h
      Source file:   MDK\Device\Source\ARM\STM32F3xx_OPT.s
      Source file:   Drivers\CMSIS\Device\ST\STM32F3xx\Source\Templates\arm\startup_stm32f303xe.s
      Source file:   Drivers\CMSIS\Device\ST\STM32F3xx\Source\Templates\system_stm32f3xx.c
Build Time Elapsed:  00:00:03
</pre>
</body>
</html>
